// Jest Snapshot v1, https://goo.gl/fbAQLP

exports[`Movie Header renders correctly 1`] = `
<div
  className="Movie"
>
  <span
    className="Movie__title"
  >
    Os Incr√≠veis 2
  </span>
  <span
    className="Movie__year"
  >
    2018
  </span>
</div>
`;
